###############################################################################
#
# IAR ELF Linker V8.40.2.214/W32 for ARM                  22/Aug/2023  17:01:26
# Copyright 2007-2019 IAR Systems AB.
#
#    Output file  =
#        D:\Saoviet_Git\Saoviet_Slave_Hs300x_Container_Ver_1_1\Saoviet_HS300x_Modbus_RTU_Slave_Ver_1_1\EWARM\Saoviet_HS300x_Modbus_RTU_Slave_Ver_1_1\Exe\Saoviet_HS300x_Modbus_RTU_Slave_Ver_1_1.out
#    Map file     =
#        D:\Saoviet_Git\Saoviet_Slave_Hs300x_Container_Ver_1_1\Saoviet_HS300x_Modbus_RTU_Slave_Ver_1_1\EWARM\Saoviet_HS300x_Modbus_RTU_Slave_Ver_1_1\List\Saoviet_HS300x_Modbus_RTU_Slave_Ver_1_1.map
#    Command line =
#        -f C:\Users\PC\AppData\Local\Temp\EW7788.tmp
#        (D:\Saoviet_Git\Saoviet_Slave_Hs300x_Container_Ver_1_1\Saoviet_HS300x_Modbus_RTU_Slave_Ver_1_1\EWARM\Saoviet_HS300x_Modbus_RTU_Slave_Ver_1_1\Obj\HS300x.o
#        D:\Saoviet_Git\Saoviet_Slave_Hs300x_Container_Ver_1_1\Saoviet_HS300x_Modbus_RTU_Slave_Ver_1_1\EWARM\Saoviet_HS300x_Modbus_RTU_Slave_Ver_1_1\Obj\main.o
#        D:\Saoviet_Git\Saoviet_Slave_Hs300x_Container_Ver_1_1\Saoviet_HS300x_Modbus_RTU_Slave_Ver_1_1\EWARM\Saoviet_HS300x_Modbus_RTU_Slave_Ver_1_1\Obj\startup_stm32l031xx.o
#        D:\Saoviet_Git\Saoviet_Slave_Hs300x_Container_Ver_1_1\Saoviet_HS300x_Modbus_RTU_Slave_Ver_1_1\EWARM\Saoviet_HS300x_Modbus_RTU_Slave_Ver_1_1\Obj\stm32l0xx_hal.o
#        D:\Saoviet_Git\Saoviet_Slave_Hs300x_Container_Ver_1_1\Saoviet_HS300x_Modbus_RTU_Slave_Ver_1_1\EWARM\Saoviet_HS300x_Modbus_RTU_Slave_Ver_1_1\Obj\stm32l0xx_hal_cortex.o
#        D:\Saoviet_Git\Saoviet_Slave_Hs300x_Container_Ver_1_1\Saoviet_HS300x_Modbus_RTU_Slave_Ver_1_1\EWARM\Saoviet_HS300x_Modbus_RTU_Slave_Ver_1_1\Obj\stm32l0xx_hal_dma.o
#        D:\Saoviet_Git\Saoviet_Slave_Hs300x_Container_Ver_1_1\Saoviet_HS300x_Modbus_RTU_Slave_Ver_1_1\EWARM\Saoviet_HS300x_Modbus_RTU_Slave_Ver_1_1\Obj\stm32l0xx_hal_exti.o
#        D:\Saoviet_Git\Saoviet_Slave_Hs300x_Container_Ver_1_1\Saoviet_HS300x_Modbus_RTU_Slave_Ver_1_1\EWARM\Saoviet_HS300x_Modbus_RTU_Slave_Ver_1_1\Obj\stm32l0xx_hal_flash.o
#        D:\Saoviet_Git\Saoviet_Slave_Hs300x_Container_Ver_1_1\Saoviet_HS300x_Modbus_RTU_Slave_Ver_1_1\EWARM\Saoviet_HS300x_Modbus_RTU_Slave_Ver_1_1\Obj\stm32l0xx_hal_flash_ex.o
#        D:\Saoviet_Git\Saoviet_Slave_Hs300x_Container_Ver_1_1\Saoviet_HS300x_Modbus_RTU_Slave_Ver_1_1\EWARM\Saoviet_HS300x_Modbus_RTU_Slave_Ver_1_1\Obj\stm32l0xx_hal_flash_ramfunc.o
#        D:\Saoviet_Git\Saoviet_Slave_Hs300x_Container_Ver_1_1\Saoviet_HS300x_Modbus_RTU_Slave_Ver_1_1\EWARM\Saoviet_HS300x_Modbus_RTU_Slave_Ver_1_1\Obj\stm32l0xx_hal_gpio.o
#        D:\Saoviet_Git\Saoviet_Slave_Hs300x_Container_Ver_1_1\Saoviet_HS300x_Modbus_RTU_Slave_Ver_1_1\EWARM\Saoviet_HS300x_Modbus_RTU_Slave_Ver_1_1\Obj\stm32l0xx_hal_i2c.o
#        D:\Saoviet_Git\Saoviet_Slave_Hs300x_Container_Ver_1_1\Saoviet_HS300x_Modbus_RTU_Slave_Ver_1_1\EWARM\Saoviet_HS300x_Modbus_RTU_Slave_Ver_1_1\Obj\stm32l0xx_hal_i2c_ex.o
#        D:\Saoviet_Git\Saoviet_Slave_Hs300x_Container_Ver_1_1\Saoviet_HS300x_Modbus_RTU_Slave_Ver_1_1\EWARM\Saoviet_HS300x_Modbus_RTU_Slave_Ver_1_1\Obj\stm32l0xx_hal_iwdg.o
#        D:\Saoviet_Git\Saoviet_Slave_Hs300x_Container_Ver_1_1\Saoviet_HS300x_Modbus_RTU_Slave_Ver_1_1\EWARM\Saoviet_HS300x_Modbus_RTU_Slave_Ver_1_1\Obj\stm32l0xx_hal_msp.o
#        D:\Saoviet_Git\Saoviet_Slave_Hs300x_Container_Ver_1_1\Saoviet_HS300x_Modbus_RTU_Slave_Ver_1_1\EWARM\Saoviet_HS300x_Modbus_RTU_Slave_Ver_1_1\Obj\stm32l0xx_hal_pwr.o
#        D:\Saoviet_Git\Saoviet_Slave_Hs300x_Container_Ver_1_1\Saoviet_HS300x_Modbus_RTU_Slave_Ver_1_1\EWARM\Saoviet_HS300x_Modbus_RTU_Slave_Ver_1_1\Obj\stm32l0xx_hal_pwr_ex.o
#        D:\Saoviet_Git\Saoviet_Slave_Hs300x_Container_Ver_1_1\Saoviet_HS300x_Modbus_RTU_Slave_Ver_1_1\EWARM\Saoviet_HS300x_Modbus_RTU_Slave_Ver_1_1\Obj\stm32l0xx_hal_rcc.o
#        D:\Saoviet_Git\Saoviet_Slave_Hs300x_Container_Ver_1_1\Saoviet_HS300x_Modbus_RTU_Slave_Ver_1_1\EWARM\Saoviet_HS300x_Modbus_RTU_Slave_Ver_1_1\Obj\stm32l0xx_hal_rcc_ex.o
#        D:\Saoviet_Git\Saoviet_Slave_Hs300x_Container_Ver_1_1\Saoviet_HS300x_Modbus_RTU_Slave_Ver_1_1\EWARM\Saoviet_HS300x_Modbus_RTU_Slave_Ver_1_1\Obj\stm32l0xx_hal_tim.o
#        D:\Saoviet_Git\Saoviet_Slave_Hs300x_Container_Ver_1_1\Saoviet_HS300x_Modbus_RTU_Slave_Ver_1_1\EWARM\Saoviet_HS300x_Modbus_RTU_Slave_Ver_1_1\Obj\stm32l0xx_hal_tim_ex.o
#        D:\Saoviet_Git\Saoviet_Slave_Hs300x_Container_Ver_1_1\Saoviet_HS300x_Modbus_RTU_Slave_Ver_1_1\EWARM\Saoviet_HS300x_Modbus_RTU_Slave_Ver_1_1\Obj\stm32l0xx_hal_uart.o
#        D:\Saoviet_Git\Saoviet_Slave_Hs300x_Container_Ver_1_1\Saoviet_HS300x_Modbus_RTU_Slave_Ver_1_1\EWARM\Saoviet_HS300x_Modbus_RTU_Slave_Ver_1_1\Obj\stm32l0xx_hal_uart_ex.o
#        D:\Saoviet_Git\Saoviet_Slave_Hs300x_Container_Ver_1_1\Saoviet_HS300x_Modbus_RTU_Slave_Ver_1_1\EWARM\Saoviet_HS300x_Modbus_RTU_Slave_Ver_1_1\Obj\stm32l0xx_it.o
#        D:\Saoviet_Git\Saoviet_Slave_Hs300x_Container_Ver_1_1\Saoviet_HS300x_Modbus_RTU_Slave_Ver_1_1\EWARM\Saoviet_HS300x_Modbus_RTU_Slave_Ver_1_1\Obj\system_stm32l0xx.o
#        D:\Saoviet_Git\Saoviet_Slave_Hs300x_Container_Ver_1_1\Saoviet_HS300x_Modbus_RTU_Slave_Ver_1_1\EWARM\Saoviet_HS300x_Modbus_RTU_Slave_Ver_1_1\Obj\user_app_temp_humi.o
#        D:\Saoviet_Git\Saoviet_Slave_Hs300x_Container_Ver_1_1\Saoviet_HS300x_Modbus_RTU_Slave_Ver_1_1\EWARM\Saoviet_HS300x_Modbus_RTU_Slave_Ver_1_1\Obj\user_modbus_rtu.o
#        D:\Saoviet_Git\Saoviet_Slave_Hs300x_Container_Ver_1_1\Saoviet_HS300x_Modbus_RTU_Slave_Ver_1_1\EWARM\Saoviet_HS300x_Modbus_RTU_Slave_Ver_1_1\Obj\user_uart.o
#        --no_out_extension -o
#        D:\Saoviet_Git\Saoviet_Slave_Hs300x_Container_Ver_1_1\Saoviet_HS300x_Modbus_RTU_Slave_Ver_1_1\EWARM\Saoviet_HS300x_Modbus_RTU_Slave_Ver_1_1\Exe\Saoviet_HS300x_Modbus_RTU_Slave_Ver_1_1.out
#        --redirect _Printf=_PrintfFullNoMb --redirect _Scanf=_ScanfFullNoMb
#        --map
#        D:\Saoviet_Git\Saoviet_Slave_Hs300x_Container_Ver_1_1\Saoviet_HS300x_Modbus_RTU_Slave_Ver_1_1\EWARM\Saoviet_HS300x_Modbus_RTU_Slave_Ver_1_1\List\Saoviet_HS300x_Modbus_RTU_Slave_Ver_1_1.map
#        --config
#        D:\Saoviet_Git\Saoviet_Slave_Hs300x_Container_Ver_1_1\Saoviet_HS300x_Modbus_RTU_Slave_Ver_1_1\EWARM/stm32l031xx_flash.icf
#        --semihosting --entry __iar_program_start --vfe --text_out locale)
#
###############################################################################

*******************************************************************************
*** RUNTIME MODEL ATTRIBUTES
***

CppFlavor       = *
__SystemLibrary = DLib
__dlib_version  = 6


*******************************************************************************
*** HEAP SELECTION
***

The basic heap was selected because no calls to memory allocation
functions were found in the application outside of system library
functions, and there are calls to deallocation functions in the
application.


*******************************************************************************
*** PLACEMENT SUMMARY
***

"A0":  place at address 0x800'0000 { ro section .intvec };
"P1":  place in [from 0x800'0000 to 0x800'7fff] { ro };
define block CSTACK with size = 1K, alignment = 8 { };
define block HEAP with size = 512, alignment = 8 { };
"P2":  place in [from 0x2000'0000 to 0x2000'1fff] {
          rw, block CSTACK, block HEAP };
initialize by copy { rw };

  Section            Kind         Address    Size  Object
  -------            ----         -------    ----  ------
"A0":                                        0xc0
  .intvec            ro code   0x800'0000    0xc0  startup_stm32l031xx.o [1]
                             - 0x800'00c0    0xc0

"P1":                                      0x36da
  .text              ro code   0x800'00c0   0xb52  stm32l0xx_hal_uart.o [1]
  .text              ro code   0x800'0c12     0x2  startup_stm32l031xx.o [1]
  .text              ro code   0x800'0c14    0xe4  stm32l0xx_hal_msp.o [1]
  .text              ro code   0x800'0cf8     0xc  stm32l0xx_hal.o [1]
  .text              ro code   0x800'0d04    0x98  stm32l0xx_hal_dma.o [1]
  .text              ro code   0x800'0d9c     0x2  stm32l0xx_hal_uart.o [1]
  .text              ro code   0x800'0d9e     0x2  stm32l0xx_hal_uart.o [1]
  .text              ro code   0x800'0da0     0x2  stm32l0xx_hal_uart_ex.o [1]
  .text              ro code   0x800'0da2     0x2  stm32l0xx_hal_uart.o [1]
  .text              ro code   0x800'0da4   0x698  stm32l0xx_hal_rcc.o [1]
  .text              ro code   0x800'143c    0x6a  I64DivMod.o [4]
  .text              ro code   0x800'14a6     0x2  startup_stm32l031xx.o [1]
  .text              ro code   0x800'14a8    0x5e  I32DivMod.o [4]
  .text              ro code   0x800'1506     0x2  startup_stm32l031xx.o [1]
  .text              ro code   0x800'1508   0x310  main.o [1]
  .text              ro code   0x800'1818    0x14  memset.o [4]
  .text              ro code   0x800'182c   0x1a4  stm32l0xx_hal_gpio.o [1]
  .text              ro code   0x800'19d0    0x8c  stm32l0xx_hal_cortex.o [1]
  .text              ro code   0x800'1a5c    0x44  stm32l0xx_hal.o [1]
  .text              ro code   0x800'1aa0    0x32  I64Mul.o [4]
  .text              ro code   0x800'1ad2     0x2  startup_stm32l031xx.o [1]
  .text              ro code   0x800'1ad4     0x2  I64DivZer.o [4]
  .text              ro code   0x800'1ad6     0x2  startup_stm32l031xx.o [1]
  .text              ro code   0x800'1ad8     0x2  IntDivZer.o [4]
  .text              ro code   0x800'1ada     0x2  startup_stm32l031xx.o [1]
  .text              ro code   0x800'1adc    0x28  stm32l0xx_hal.o [1]
  .text              ro code   0x800'1b04    0x10  ABImemset_small.o [4]
  .text              ro code   0x800'1b14   0x604  stm32l0xx_hal_i2c.o [1]
  .text              ro code   0x800'2118    0x8c  stm32l0xx_hal_i2c_ex.o [1]
  .text              ro code   0x800'21a4    0x6c  stm32l0xx_hal_iwdg.o [1]
  .text              ro code   0x800'2210   0xa3c  user_app_temp_humi.o [1]
  .text              ro code   0x800'2c4c    0xd8  HS300x.o [1]
  .text              ro code   0x800'2d24    0x70  user_uart.o [1]
  .text              ro code   0x800'2d94   0x178  stm32l0xx_hal_rcc_ex.o [1]
  .text              ro code   0x800'2f0c   0x132  user_modbus_rtu.o [1]
  .text              ro code   0x800'303e     0x2  startup_stm32l031xx.o [1]
  .text              ro code   0x800'3040    0x28  stm32l0xx_hal.o [1]
  .text              ro code   0x800'3068     0xe  strlen.o [4]
  .text              ro code   0x800'3076     0x2  startup_stm32l031xx.o [1]
  .text              ro code   0x800'3078   0x1c8  stm32l0xx_hal_flash.o [1]
  .text              ro code   0x800'3240    0xa8  stm32l0xx_hal_flash_ex.o [1]
  .text              ro code   0x800'32e8    0x20  IxxToFlt.o [3]
  .text              ro code   0x800'3308    0xaa  FltDiv.o [3]
  .text              ro code   0x800'33b2    0xb0  FltMul.o [3]
  .text              ro code   0x800'3462     0x2  startup_stm32l031xx.o [1]
  .text              ro code   0x800'3464    0x3a  FltToS32.o [3]
  .text              ro code   0x800'349e   0x120  FltAddSub.o [3]
  .text              ro code   0x800'35be    0x3c  zero_init3.o [4]
  .text              ro code   0x800'35fa    0x3c  packbits_init_single.o [4]
  .text              ro code   0x800'3636     0x2  startup_stm32l031xx.o [1]
  .text              ro code   0x800'3638    0x28  data_init.o [4]
  .iar.init_table    const     0x800'3660    0x20  - Linker created -
  .text              ro code   0x800'3680    0x20  stm32l0xx_it.o [1]
  .text              ro code   0x800'36a0    0x10  stm32l0xx_hal.o [1]
  .text              ro code   0x800'36b0    0x20  system_stm32l0xx.o [1]
  .text              ro code   0x800'36d0    0x1e  cmain.o [4]
  .text              ro code   0x800'36ee     0x4  low_level_init.o [2]
  .text              ro code   0x800'36f2     0x8  exit.o [2]
  .text              ro code   0x800'36fa     0x2  startup_stm32l031xx.o [1]
  .text              ro code   0x800'36fc     0xa  cexit.o [4]
  .text              ro code   0x800'3706     0x2  startup_stm32l031xx.o [1]
  .text              ro code   0x800'3708    0x14  exit.o [5]
  .text              ro code   0x800'371c    0x10  startup_stm32l031xx.o [1]
  .text              ro code   0x800'372c     0xc  cstartup_M.o [4]
  .rodata            const     0x800'3738     0x8  system_stm32l0xx.o [1]
  .text              ro code   0x800'3740     0x2  startup_stm32l031xx.o [1]
  .text              ro code   0x800'3742     0x2  startup_stm32l031xx.o [1]
  .text              ro code   0x800'3744     0x2  startup_stm32l031xx.o [1]
  .text              ro code   0x800'3746     0x2  startup_stm32l031xx.o [1]
  .text              ro code   0x800'3748     0x2  startup_stm32l031xx.o [1]
  .text              ro code   0x800'374a     0x2  startup_stm32l031xx.o [1]
  .text              ro code   0x800'374c     0x2  startup_stm32l031xx.o [1]
  .rodata            const     0x800'374e     0x0  zero_init3.o [4]
  .rodata            const     0x800'374e     0x0  packbits_init_single.o [4]
  Initializer bytes  const     0x800'374e    0x4c  <for P2-1>
                             - 0x800'379a  0x36da

"P2", part 1 of 3:                           0xf4
  P2-1                        0x2000'0000    0xf4  <Init block>
    .data            inited   0x2000'0000    0x7c  main.o [1]
    .data            inited   0x2000'007c    0x20  main.o [1]
    .data            inited   0x2000'009c     0xc  stm32l0xx_hal.o [1]
    .data            inited   0x2000'00a8     0x4  system_stm32l0xx.o [1]
    .data            inited   0x2000'00ac    0x48  user_app_temp_humi.o [1]
                            - 0x2000'00f4    0xf4

"P2", part 2 of 3:                           0xac
  .bss               zero     0x2000'00f4    0x88  main.o [1]
  .bss               zero     0x2000'017c    0x18  stm32l0xx_hal_flash.o [1]
  .bss               zero     0x2000'0194     0x8  user_uart.o [1]
  .bss               zero     0x2000'019c     0x1  HS300x.o [1]
                            - 0x2000'019d    0xa9

"P2", part 3 of 3:                          0x400
  CSTACK                      0x2000'01a0   0x400  <Block>
    CSTACK           uninit   0x2000'01a0   0x400  <Block tail>
                            - 0x2000'05a0   0x400

Unused ranges:

         From           To    Size
         ----           --    ----
   0x800'379a   0x800'7fff  0x4866
  0x2000'05a0  0x2000'1fff  0x1a60


*******************************************************************************
*** INIT TABLE
***

          Address      Size
          -------      ----
Zero (__iar_zero_init3)
    1 destination range, total size 0xa9:
          0x2000'00f4  0xa9

Copy/packbits (__iar_packbits_init_single3)
    1 source range, total size 0x4c (31% of destination):
           0x800'374e  0x4c
    1 destination range, total size 0xf4:
          0x2000'0000  0xf4



*******************************************************************************
*** MODULE SUMMARY
***

    Module                    ro code  ro data  rw data
    ------                    -------  -------  -------
command line/config:
    ---------------------------------------------------
    Total:

D:\Saoviet_Git\Saoviet_Slave_Hs300x_Container_Ver_1_1\Saoviet_HS300x_Modbus_RTU_Slave_Ver_1_1\EWARM\Saoviet_HS300x_Modbus_RTU_Slave_Ver_1_1\Obj: [1]
    HS300x.o                      216                 1
    main.o                        784       48      292
    startup_stm32l031xx.o         246
    stm32l0xx_hal.o               176        4       12
    stm32l0xx_hal_cortex.o        140
    stm32l0xx_hal_dma.o           152
    stm32l0xx_hal_flash.o         456                24
    stm32l0xx_hal_flash_ex.o      168
    stm32l0xx_hal_gpio.o          420
    stm32l0xx_hal_i2c.o         1'540
    stm32l0xx_hal_i2c_ex.o        140
    stm32l0xx_hal_iwdg.o          108
    stm32l0xx_hal_msp.o           228
    stm32l0xx_hal_rcc.o         1'688
    stm32l0xx_hal_rcc_ex.o        376
    stm32l0xx_hal_uart.o        2'904
    stm32l0xx_hal_uart_ex.o         2
    stm32l0xx_it.o                 32
    system_stm32l0xx.o             32        9        4
    user_app_temp_humi.o        2'620       23       72
    user_modbus_rtu.o             306
    user_uart.o                   112                 8
    ---------------------------------------------------
    Total:                     12'846       84      413

dl6M_tln.a: [2]
    exit.o                          8
    low_level_init.o                4
    ---------------------------------------------------
    Total:                         12

m6M_tl.a: [3]
    FltAddSub.o                   288
    FltDiv.o                      170
    FltMul.o                      176
    FltToS32.o                     58
    IxxToFlt.o                     32
    ---------------------------------------------------
    Total:                        724

rt6M_tl.a: [4]
    ABImemset_small.o              16
    I32DivMod.o                    94
    I64DivMod.o                   106
    I64DivZer.o                     2
    I64Mul.o                       50
    IntDivZer.o                     2
    cexit.o                        10
    cmain.o                        30
    cstartup_M.o                   12
    data_init.o                    40
    memset.o                       20
    packbits_init_single.o         60
    strlen.o                       14
    zero_init3.o                   60
    ---------------------------------------------------
    Total:                        516

shb_l.a: [5]
    exit.o                         20
    ---------------------------------------------------
    Total:                         20

    Linker created                          32    1'024
-------------------------------------------------------
    Grand Total:               14'118      116    1'437


*******************************************************************************
*** ENTRY LIST
***

Entry                       Address   Size  Type      Object
-----                       -------   ----  ----      ------
.iar.init_table$$Base    0x800'3660          --   Gb  - Linker created -
.iar.init_table$$Limit   0x800'3680          --   Gb  - Linker created -
?main                    0x800'36d1         Code  Gb  cmain.o [4]
AHBPrescTable            0x800'36b4   0x10  Data  Gb  system_stm32l0xx.o [1]
APBPrescTable            0x800'3738    0x8  Data  Gb  system_stm32l0xx.o [1]
AT_Command_IF            0x800'26a5  0x1e6  Code  Gb  user_app_temp_humi.o [1]
CSTACK$$Base            0x2000'01a0          --   Gb  - Linker created -
CSTACK$$Limit           0x2000'05a0          --   Gb  - Linker created -
Change_Baudrate_AddrSlave_Calib_ATCommand
                         0x800'23bd  0x2dc  Code  Gb  user_app_temp_humi.o [1]
Check_CountBuffer_Complete_Uart
                         0x800'2d25   0x54  Code  Gb  user_uart.o [1]
Check_CountBuffer_Complete_Uart::Get_systick
                        0x2000'0198    0x4  Data  Lc  user_uart.o [1]
Check_CountBuffer_Complete_Uart::State_systick
                        0x2000'0196    0x2  Data  Lc  user_uart.o [1]
Check_CountBuffer_Complete_Uart::check_countBuffer
                        0x2000'0194    0x2  Data  Lc  user_uart.o [1]
Delete_Buffer            0x800'2d79   0x18  Code  Gb  user_uart.o [1]
Error_Handler            0x800'1815    0x4  Code  Gb  main.o [1]
FLASH_PageErase          0x800'32bd   0x22  Code  Gb  stm32l0xx_hal_flash_ex.o [1]
FLASH_ReadData32         0x800'2c49    0x4  Code  Gb  user_app_temp_humi.o [1]
FLASH_SetErrorCode       0x800'3185   0xa4  Code  Lc  stm32l0xx_hal_flash.o [1]
FLASH_WaitForLastOperation
                         0x800'310d   0x6c  Code  Gb  stm32l0xx_hal_flash.o [1]
FLASH_WritePage          0x800'2bef   0x46  Code  Gb  user_app_temp_humi.o [1]
GetTick_Ms              0x2000'0070    0x4  Data  Gb  main.o [1]
Get_Length_Variable      0x800'289d   0x1a  Code  Gb  user_app_temp_humi.o [1]
Get_Uint_In_String       0x800'2b61   0x62  Code  Gb  user_app_temp_humi.o [1]
HAL_DMA_Abort            0x800'0d05   0x4a  Code  Gb  stm32l0xx_hal_dma.o [1]
HAL_DMA_Abort_IT         0x800'0d4f   0x4e  Code  Gb  stm32l0xx_hal_dma.o [1]
HAL_Delay                0x800'3041   0x28  Code  Wk  stm32l0xx_hal.o [1]
HAL_FLASHEx_Erase        0x800'3241   0x6a  Code  Gb  stm32l0xx_hal_flash_ex.o [1]
HAL_FLASH_Lock           0x800'30f5   0x10  Code  Gb  stm32l0xx_hal_flash.o [1]
HAL_FLASH_Program        0x800'3079   0x32  Code  Gb  stm32l0xx_hal_flash.o [1]
HAL_FLASH_Unlock         0x800'30ab   0x4a  Code  Gb  stm32l0xx_hal_flash.o [1]
HAL_GPIO_Init            0x800'182d  0x17e  Code  Gb  stm32l0xx_hal_gpio.o [1]
HAL_GPIO_WritePin        0x800'19ab    0xc  Code  Gb  stm32l0xx_hal_gpio.o [1]
HAL_GetTick              0x800'0cf9    0xc  Code  Wk  stm32l0xx_hal.o [1]
HAL_I2CEx_ConfigAnalogFilter
                         0x800'2119   0x3a  Code  Gb  stm32l0xx_hal_i2c_ex.o [1]
HAL_I2CEx_ConfigDigitalFilter
                         0x800'2153   0x36  Code  Gb  stm32l0xx_hal_i2c_ex.o [1]
HAL_I2C_Init             0x800'1b15   0xa8  Code  Gb  stm32l0xx_hal_i2c.o [1]
HAL_I2C_Master_Receive   0x800'1cd5  0x118  Code  Gb  stm32l0xx_hal_i2c.o [1]
HAL_I2C_Master_Transmit
                         0x800'1bbd  0x118  Code  Gb  stm32l0xx_hal_i2c.o [1]
HAL_I2C_MspInit          0x800'0c2b   0x56  Code  Gb  stm32l0xx_hal_msp.o [1]
HAL_IWDG_Init            0x800'21a5   0x56  Code  Gb  stm32l0xx_hal_iwdg.o [1]
HAL_IWDG_Refresh         0x800'21fb    0xa  Code  Gb  stm32l0xx_hal_iwdg.o [1]
HAL_IncTick              0x800'36a1   0x10  Code  Wk  stm32l0xx_hal.o [1]
HAL_Init                 0x800'1add   0x24  Code  Gb  stm32l0xx_hal.o [1]
HAL_InitTick             0x800'1a5d   0x44  Code  Wk  stm32l0xx_hal.o [1]
HAL_MspInit              0x800'0c15   0x16  Code  Gb  stm32l0xx_hal_msp.o [1]
HAL_NVIC_EnableIRQ       0x800'1a13   0x12  Code  Gb  stm32l0xx_hal_cortex.o [1]
HAL_NVIC_SetPriority     0x800'1a0b    0x8  Code  Gb  stm32l0xx_hal_cortex.o [1]
HAL_RCCEx_PeriphCLKConfig
                         0x800'2d95  0x150  Code  Gb  stm32l0xx_hal_rcc_ex.o [1]
HAL_RCC_ClockConfig      0x800'11d9  0x194  Code  Gb  stm32l0xx_hal_rcc.o [1]
HAL_RCC_GetPCLK1Freq     0x800'13ef    0xe  Code  Gb  stm32l0xx_hal_rcc.o [1]
HAL_RCC_GetSysClockFreq
                         0x800'137d   0x72  Code  Gb  stm32l0xx_hal_rcc.o [1]
HAL_RCC_OscConfig        0x800'0da5  0x424  Code  Gb  stm32l0xx_hal_rcc.o [1]
HAL_SYSTICK_Config       0x800'1a25   0x28  Code  Gb  stm32l0xx_hal_cortex.o [1]
HAL_UARTEx_WakeupCallback
                         0x800'0da1    0x2  Code  Wk  stm32l0xx_hal_uart_ex.o [1]
HAL_UART_IRQHandler      0x800'026d  0x2ae  Code  Gb  stm32l0xx_hal_uart.o [1]
HAL_UART_Init            0x800'00c1   0x56  Code  Gb  stm32l0xx_hal_uart.o [1]
HAL_UART_MspInit         0x800'0c81   0x66  Code  Gb  stm32l0xx_hal_msp.o [1]
HAL_UART_Receive_IT      0x800'0207   0x60  Code  Gb  stm32l0xx_hal_uart.o [1]
HAL_UART_RxCpltCallback
                         0x800'1781   0x3e  Code  Gb  main.o [1]
HAL_UART_Transmit        0x800'012d   0xda  Code  Gb  stm32l0xx_hal_uart.o [1]
HS300X_Start_Measurement
                         0x800'2c4d   0xc0  Code  Gb  HS300x.o [1]
HardFault_Handler        0x800'3683    0x2  Code  Gb  stm32l0xx_it.o [1]
I2C_Flush_TXDR           0x800'1e29   0x1c  Code  Lc  stm32l0xx_hal_i2c.o [1]
I2C_IsErrorOccurred      0x800'1fed   0xfe  Code  Lc  stm32l0xx_hal_i2c.o [1]
I2C_TransferConfig       0x800'20eb   0x26  Code  Lc  stm32l0xx_hal_i2c.o [1]
I2C_WaitOnFlagUntilTimeout
                         0x800'1e45   0x6a  Code  Lc  stm32l0xx_hal_i2c.o [1]
I2C_WaitOnRXNEFlagUntilTimeout
                         0x800'1f5b   0x92  Code  Lc  stm32l0xx_hal_i2c.o [1]
I2C_WaitOnSTOPFlagUntilTimeout
                         0x800'1f09   0x52  Code  Lc  stm32l0xx_hal_i2c.o [1]
I2C_WaitOnTXISFlagUntilTimeout
                         0x800'1eaf   0x5a  Code  Lc  stm32l0xx_hal_i2c.o [1]
ModRTU_CRC               0x800'2f0d   0x2c  Code  Gb  user_modbus_rtu.o [1]
ModRTU_Slave_ACK_Read_Frame
                         0x800'2f41   0x1c  Code  Gb  user_modbus_rtu.o [1]
ModRTU_Slave_ACK_Write_Frame
                         0x800'2f9d   0x7a  Code  Gb  user_modbus_rtu.o [1]
ModbusRTU_Slave          0x800'2211  0x1a0  Code  Gb  user_app_temp_humi.o [1]
NMI_Handler              0x800'3681    0x2  Code  Gb  stm32l0xx_it.o [1]
Number_Error_HS300X_u8  0x2000'019c    0x1  Data  Gb  HS300x.o [1]
PLLMulTable              0x800'36c4    0xc  Data  Gb  system_stm32l0xx.o [1]
Packing_Frame            0x800'2a61  0x100  Code  Gb  user_app_temp_humi.o [1]
PendSV_Handler           0x800'3687    0x2  Code  Gb  stm32l0xx_it.o [1]
Region$$Table$$Base      0x800'3660          --   Gb  - Linker created -
Region$$Table$$Limit     0x800'3680          --   Gb  - Linker created -
Response_Error           0x800'3017   0x28  Code  Gb  user_modbus_rtu.o [1]
SVC_Handler              0x800'3685    0x2  Code  Gb  stm32l0xx_it.o [1]
Send_Data_Terminal       0x800'2a13   0x4e  Code  Gb  user_app_temp_humi.o [1]
Slave_IF                0x2000'00ac   0x18  Data  Gb  user_app_temp_humi.o [1]
SysTick_Handler          0x800'3689    0x8  Code  Gb  stm32l0xx_it.o [1]
SystemClock_Config       0x800'16f7   0x8a  Code  Gb  main.o [1]
SystemCoreClock         0x2000'00a8    0x4  Data  Gb  system_stm32l0xx.o [1]
SystemInit               0x800'36b1    0x2  Code  Gb  system_stm32l0xx.o [1]
Terminal_Receive         0x800'28b7  0x15c  Code  Gb  user_app_temp_humi.o [1]
UART_AdvFeatureConfig    0x800'0705   0xc8  Code  Gb  stm32l0xx_hal_uart.o [1]
UART_CheckIdleState      0x800'07e1   0xae  Code  Gb  stm32l0xx_hal_uart.o [1]
UART_DMAAbortOnError     0x800'0a7d   0x14  Code  Lc  stm32l0xx_hal_uart.o [1]
UART_EndRxTransfer       0x800'0a09   0x5e  Code  Lc  stm32l0xx_hal_uart.o [1]
UART_RxISR_16BIT         0x800'0b35   0xa2  Code  Lc  stm32l0xx_hal_uart.o [1]
UART_RxISR_8BIT          0x800'0a91   0xa2  Code  Lc  stm32l0xx_hal_uart.o [1]
UART_SetConfig           0x800'0531  0x1ca  Code  Gb  stm32l0xx_hal_uart.o [1]
UART_Start_Receive_IT    0x800'092d   0xaa  Code  Gb  stm32l0xx_hal_uart.o [1]
UART_WaitOnFlagUntilTimeout
                         0x800'089d   0x90  Code  Gb  stm32l0xx_hal_uart.o [1]
USART2_IRQHandler        0x800'3691    0xa  Code  Gb  stm32l0xx_it.o [1]
Uart2_Init               0x800'2bc3   0x2c  Code  Gb  user_app_temp_humi.o [1]
__NVIC_SetPriority       0x800'19d1   0x3a  Code  Lc  stm32l0xx_hal_cortex.o [1]
__aeabi_f2iz             0x800'3465         Code  Gb  FltToS32.o [3]
__aeabi_fadd             0x800'349f         Code  Gb  FltAddSub.o [3]
__aeabi_fdiv             0x800'3309         Code  Gb  FltDiv.o [3]
__aeabi_fmul             0x800'33b3         Code  Gb  FltMul.o [3]
__aeabi_fsub             0x800'350f         Code  Gb  FltAddSub.o [3]
__aeabi_idiv0            0x800'1ad9         Code  Gb  IntDivZer.o [4]
__aeabi_ldiv0            0x800'1ad5         Code  Gb  I64DivZer.o [4]
__aeabi_lmul             0x800'1aa1         Code  Gb  I64Mul.o [4]
__aeabi_ui2f             0x800'32e9         Code  Gb  IxxToFlt.o [3]
__aeabi_uldivmod         0x800'143d         Code  Gb  I64DivMod.o [4]
__cmain                  0x800'36d1         Code  Gb  cmain.o [4]
__exit                   0x800'3709   0x14  Code  Gb  exit.o [5]
__iar_data_init3         0x800'3639   0x28  Code  Gb  data_init.o [4]
__iar_packbits_init_single3
                         0x800'35fb   0x3c  Code  Gb  packbits_init_single.o [4]
__iar_program_start      0x800'372d         Code  Gb  cstartup_M.o [4]
__iar_small_Memset4_word
                         0x800'1b09         Code  Gb  ABImemset_small.o [4]
__iar_small_Memset_word
                         0x800'1b09         Code  Gb  ABImemset_small.o [4]
__iar_small_idiv         0x800'14a9         Code  Gb  I32DivMod.o [4]
__iar_small_idivmod      0x800'14a9         Code  Gb  I32DivMod.o [4]
__iar_small_memclr       0x800'1b05         Code  Gb  ABImemset_small.o [4]
__iar_small_memclr4      0x800'1b05         Code  Gb  ABImemset_small.o [4]
__iar_small_memclr8      0x800'1b05         Code  Gb  ABImemset_small.o [4]
__iar_small_memset       0x800'1b09         Code  Gb  ABImemset_small.o [4]
__iar_small_memset4      0x800'1b09         Code  Gb  ABImemset_small.o [4]
__iar_small_memset8      0x800'1b09         Code  Gb  ABImemset_small.o [4]
__iar_small_uidiv        0x800'14d1         Code  Gb  I32DivMod.o [4]
__iar_small_uidivmod     0x800'14d1         Code  Gb  I32DivMod.o [4]
__iar_zero_init3         0x800'35bf   0x3c  Code  Gb  zero_init3.o [4]
__low_level_init         0x800'36ef    0x4  Code  Gb  low_level_init.o [2]
__vector_table           0x800'0000         Data  Gb  startup_stm32l031xx.o [1]
_call_main               0x800'36dd         Code  Gb  cmain.o [4]
_exit                    0x800'36fd         Code  Gb  cexit.o [4]
_main                    0x800'36eb         Code  Gb  cmain.o [4]
addr_stm32l0xx          0x2000'0000    0x1  Data  Gb  main.o [1]
baud_rate               0x2000'0074    0x4  Data  Gb  main.o [1]
baud_rate_value         0x2000'00c4   0x20  Data  Gb  user_app_temp_humi.o [1]
check_complete_read_sensor
                        0x2000'0001    0x1  Data  Gb  main.o [1]
drop_humi               0x2000'0008    0x2  Data  Gb  main.o [1]
drop_tem                0x2000'0006    0x2  Data  Gb  main.o [1]
error                   0x2000'00ec    0x8  Data  Gb  user_app_temp_humi.o [1]
exit                     0x800'36f3    0x8  Code  Gb  exit.o [2]
gettick_reset           0x2000'0078    0x4  Data  Gb  main.o [1]
hi2c1                   0x2000'000c   0x54  Data  Gb  main.o [1]
hiwdg                   0x2000'0060   0x10  Data  Gb  main.o [1]
huart2                  0x2000'00f4   0x88  Data  Gb  main.o [1]
humi                    0x2000'0004    0x2  Data  Gb  main.o [1]
main                     0x800'1509  0x1ee  Code  Gb  main.o [1]
memset                   0x800'1819   0x14  Code  Gb  memset.o [4]
pFlash                  0x2000'017c   0x18  Data  Gb  stm32l0xx_hal_flash.o [1]
sUart2                  0x2000'007c   0x20  Data  Gb  main.o [1]
strlen                   0x800'3069         Code  Gb  strlen.o [4]
success                 0x2000'00e4    0x8  Data  Gb  user_app_temp_humi.o [1]
tem                     0x2000'0002    0x2  Data  Gb  main.o [1]
uwTick                  0x2000'00a0    0x4  Data  Gb  stm32l0xx_hal.o [1]
uwTickFreq              0x2000'009c    0x1  Data  Gb  stm32l0xx_hal.o [1]
uwTickPrio              0x2000'00a4    0x4  Data  Gb  stm32l0xx_hal.o [1]


[1] = D:\Saoviet_Git\Saoviet_Slave_Hs300x_Container_Ver_1_1\Saoviet_HS300x_Modbus_RTU_Slave_Ver_1_1\EWARM\Saoviet_HS300x_Modbus_RTU_Slave_Ver_1_1\Obj
[2] = dl6M_tln.a
[3] = m6M_tl.a
[4] = rt6M_tl.a
[5] = shb_l.a

  14'118 bytes of readonly  code memory
     116 bytes of readonly  data memory
   1'437 bytes of readwrite data memory

Errors: none
Warnings: none
