###############################################################################
#
# IAR ELF Linker V8.40.2.214/W32 for ARM                  25/Aug/2023  08:36:12
# Copyright 2007-2019 IAR Systems AB.
#
#    Output file  =
#        D:\Saoviet_Git\Saoviet_Code_Test_Slave_Hs300x_Container\Code_Test_Slave_HS300x\EWARM\Code_Test_Slave_HS300x\Exe\Code_Test_Slave_HS300x.out
#    Map file     =
#        D:\Saoviet_Git\Saoviet_Code_Test_Slave_Hs300x_Container\Code_Test_Slave_HS300x\EWARM\Code_Test_Slave_HS300x\List\Code_Test_Slave_HS300x.map
#    Command line =
#        -f C:\Users\PC\AppData\Local\Temp\EWE154.tmp
#        (D:\Saoviet_Git\Saoviet_Code_Test_Slave_Hs300x_Container\Code_Test_Slave_HS300x\EWARM\Code_Test_Slave_HS300x\Obj\event_driven.o
#        D:\Saoviet_Git\Saoviet_Code_Test_Slave_Hs300x_Container\Code_Test_Slave_HS300x\EWARM\Code_Test_Slave_HS300x\Obj\gpio.o
#        D:\Saoviet_Git\Saoviet_Code_Test_Slave_Hs300x_Container\Code_Test_Slave_HS300x\EWARM\Code_Test_Slave_HS300x\Obj\main.o
#        D:\Saoviet_Git\Saoviet_Code_Test_Slave_Hs300x_Container\Code_Test_Slave_HS300x\EWARM\Code_Test_Slave_HS300x\Obj\startup_stm32l151xc.o
#        D:\Saoviet_Git\Saoviet_Code_Test_Slave_Hs300x_Container\Code_Test_Slave_HS300x\EWARM\Code_Test_Slave_HS300x\Obj\stm32l1xx_hal.o
#        D:\Saoviet_Git\Saoviet_Code_Test_Slave_Hs300x_Container\Code_Test_Slave_HS300x\EWARM\Code_Test_Slave_HS300x\Obj\stm32l1xx_hal_cortex.o
#        D:\Saoviet_Git\Saoviet_Code_Test_Slave_Hs300x_Container\Code_Test_Slave_HS300x\EWARM\Code_Test_Slave_HS300x\Obj\stm32l1xx_hal_dma.o
#        D:\Saoviet_Git\Saoviet_Code_Test_Slave_Hs300x_Container\Code_Test_Slave_HS300x\EWARM\Code_Test_Slave_HS300x\Obj\stm32l1xx_hal_exti.o
#        D:\Saoviet_Git\Saoviet_Code_Test_Slave_Hs300x_Container\Code_Test_Slave_HS300x\EWARM\Code_Test_Slave_HS300x\Obj\stm32l1xx_hal_flash.o
#        D:\Saoviet_Git\Saoviet_Code_Test_Slave_Hs300x_Container\Code_Test_Slave_HS300x\EWARM\Code_Test_Slave_HS300x\Obj\stm32l1xx_hal_flash_ex.o
#        D:\Saoviet_Git\Saoviet_Code_Test_Slave_Hs300x_Container\Code_Test_Slave_HS300x\EWARM\Code_Test_Slave_HS300x\Obj\stm32l1xx_hal_flash_ramfunc.o
#        D:\Saoviet_Git\Saoviet_Code_Test_Slave_Hs300x_Container\Code_Test_Slave_HS300x\EWARM\Code_Test_Slave_HS300x\Obj\stm32l1xx_hal_gpio.o
#        D:\Saoviet_Git\Saoviet_Code_Test_Slave_Hs300x_Container\Code_Test_Slave_HS300x\EWARM\Code_Test_Slave_HS300x\Obj\stm32l1xx_hal_msp.o
#        D:\Saoviet_Git\Saoviet_Code_Test_Slave_Hs300x_Container\Code_Test_Slave_HS300x\EWARM\Code_Test_Slave_HS300x\Obj\stm32l1xx_hal_pwr.o
#        D:\Saoviet_Git\Saoviet_Code_Test_Slave_Hs300x_Container\Code_Test_Slave_HS300x\EWARM\Code_Test_Slave_HS300x\Obj\stm32l1xx_hal_pwr_ex.o
#        D:\Saoviet_Git\Saoviet_Code_Test_Slave_Hs300x_Container\Code_Test_Slave_HS300x\EWARM\Code_Test_Slave_HS300x\Obj\stm32l1xx_hal_rcc.o
#        D:\Saoviet_Git\Saoviet_Code_Test_Slave_Hs300x_Container\Code_Test_Slave_HS300x\EWARM\Code_Test_Slave_HS300x\Obj\stm32l1xx_hal_rcc_ex.o
#        D:\Saoviet_Git\Saoviet_Code_Test_Slave_Hs300x_Container\Code_Test_Slave_HS300x\EWARM\Code_Test_Slave_HS300x\Obj\stm32l1xx_hal_tim.o
#        D:\Saoviet_Git\Saoviet_Code_Test_Slave_Hs300x_Container\Code_Test_Slave_HS300x\EWARM\Code_Test_Slave_HS300x\Obj\stm32l1xx_hal_tim_ex.o
#        D:\Saoviet_Git\Saoviet_Code_Test_Slave_Hs300x_Container\Code_Test_Slave_HS300x\EWARM\Code_Test_Slave_HS300x\Obj\stm32l1xx_hal_uart.o
#        D:\Saoviet_Git\Saoviet_Code_Test_Slave_Hs300x_Container\Code_Test_Slave_HS300x\EWARM\Code_Test_Slave_HS300x\Obj\stm32l1xx_it.o
#        D:\Saoviet_Git\Saoviet_Code_Test_Slave_Hs300x_Container\Code_Test_Slave_HS300x\EWARM\Code_Test_Slave_HS300x\Obj\system_stm32l1xx.o
#        D:\Saoviet_Git\Saoviet_Code_Test_Slave_Hs300x_Container\Code_Test_Slave_HS300x\EWARM\Code_Test_Slave_HS300x\Obj\usart.o
#        D:\Saoviet_Git\Saoviet_Code_Test_Slave_Hs300x_Container\Code_Test_Slave_HS300x\EWARM\Code_Test_Slave_HS300x\Obj\user_app_test_slave_hs300x.o
#        D:\Saoviet_Git\Saoviet_Code_Test_Slave_Hs300x_Container\Code_Test_Slave_HS300x\EWARM\Code_Test_Slave_HS300x\Obj\user_modbus_rtu.o
#        D:\Saoviet_Git\Saoviet_Code_Test_Slave_Hs300x_Container\Code_Test_Slave_HS300x\EWARM\Code_Test_Slave_HS300x\Obj\user_uart.o
#        D:\Saoviet_Git\Saoviet_Code_Test_Slave_Hs300x_Container\Code_Test_Slave_HS300x\EWARM\Code_Test_Slave_HS300x\Obj\user_util.o
#        --no_out_extension -o
#        D:\Saoviet_Git\Saoviet_Code_Test_Slave_Hs300x_Container\Code_Test_Slave_HS300x\EWARM\Code_Test_Slave_HS300x\Exe\Code_Test_Slave_HS300x.out
#        --redirect _Printf=_PrintfFullNoMb --redirect _Scanf=_ScanfFullNoMb
#        --map
#        D:\Saoviet_Git\Saoviet_Code_Test_Slave_Hs300x_Container\Code_Test_Slave_HS300x\EWARM\Code_Test_Slave_HS300x\List\Code_Test_Slave_HS300x.map
#        --config
#        D:\Saoviet_Git\Saoviet_Code_Test_Slave_Hs300x_Container\Code_Test_Slave_HS300x\EWARM/stm32l151xc_flash.icf
#        --semihosting --entry __iar_program_start --vfe --text_out locale)
#
###############################################################################

*******************************************************************************
*** RUNTIME MODEL ATTRIBUTES
***

CppFlavor       = *
__SystemLibrary = DLib
__dlib_version  = 6


*******************************************************************************
*** HEAP SELECTION
***

The basic heap was selected because no calls to memory allocation
functions were found in the application outside of system library
functions, and there are calls to deallocation functions in the
application.


*******************************************************************************
*** PLACEMENT SUMMARY
***

"A0":  place at address 0x800'0000 { ro section .intvec };
"P1":  place in [from 0x800'0000 to 0x803'ffff] { ro };
define block CSTACK with size = 1K, alignment = 8 { };
define block HEAP with size = 512, alignment = 8 { };
"P2":  place in [from 0x2000'0000 to 0x2000'7fff] {
          rw, block CSTACK, block HEAP };
initialize by copy { rw };

  Section            Kind         Address    Size  Object
  -------            ----         -------    ----  ------
"A0":                                       0x124
  .intvec            ro code   0x800'0000   0x124  startup_stm32l151xc.o [1]
                             - 0x800'0124   0x124

"P1":                                      0x3783
  .text              ro code   0x800'0124   0xfc6  xprintffull_nomb.o [2]
  .text              ro code   0x800'10ea    0x3a  zero_init3.o [4]
  .text              ro code   0x800'1124    0x16  strchr.o [4]
  .text              ro code   0x800'113a     0xa  xsprout.o [2]
  .text              ro code   0x800'1144    0x40  xfail_s.o [2]
  .text              ro code   0x800'1184    0x14  strlen_small.o [4]
  .text              ro code   0x800'1198    0x58  memchr.o [4]
  .text              ro code   0x800'11f0    0xa6  ABImemcpy.o [4]
  .rodata            const     0x800'1296     0x2  xlocale_c.o [2]
  .text              ro code   0x800'1298    0x70  frexp.o [3]
  .text              ro code   0x800'1308    0x2e  DblCmpLe.o [3]
  .rodata            const     0x800'1336     0x1  xlocale_c.o [2]
  .text              ro code   0x800'1338    0x2e  DblCmpGe.o [3]
  .text              ro code   0x800'1368   0x13a  ldexp.o [3]
  .text              ro code   0x800'14a4    0x3a  DblToS32.o [3]
  .text              ro code   0x800'14e0    0x22  S32ToDbl.o [3]
  .text              ro code   0x800'1504    0xe2  DblSub.o [3]
  .text              ro code   0x800'15e8   0x246  DblDiv.o [3]
  .text              ro code   0x800'1830    0x28  DblToU32.o [3]
  .text              ro code   0x800'1858    0x1a  U32ToDbl.o [3]
  .text              ro code   0x800'1874   0x1a2  DblMul.o [3]
  .text              ro code   0x800'1a18     0x8  xlocale_c.o [2]
  .text              ro code   0x800'1a20   0x106  I64DivMod_small.o [4]
  .text              ro code   0x800'1b26     0x6  abort.o [2]
  .text              ro code   0x800'1b2c   0x16a  DblAdd.o [3]
  .text              ro code   0x800'1c98     0x2  I64DivZer.o [4]
  .text              ro code   0x800'1c9c    0x14  exit.o [5]
  .text              ro code   0x800'1cb0   0x6d0  stm32l1xx_hal_uart.o [1]
  .text              ro code   0x800'2380   0x120  usart.o [1]
  .text              ro code   0x800'24a0     0xc  stm32l1xx_hal.o [1]
  .text              ro code   0x800'24ac    0x9e  stm32l1xx_hal_dma.o [1]
  .text              ro code   0x800'254a     0x2  stm32l1xx_hal_uart.o [1]
  .text              ro code   0x800'254c     0x2  stm32l1xx_hal_uart.o [1]
  .text              ro code   0x800'254e     0x2  stm32l1xx_hal_uart.o [1]
  .text              ro code   0x800'2550    0x74  user_uart.o [1]
  .text              ro code   0x800'25c4   0x644  stm32l1xx_hal_rcc.o [1]
  .text              ro code   0x800'2c08    0xa4  main.o [1]
  .text              ro code   0x800'2cac    0x14  memset.o [4]
  .text              ro code   0x800'2cc0    0xc4  stm32l1xx_hal_cortex.o [1]
  .text              ro code   0x800'2d84   0x1c8  stm32l1xx_hal_gpio.o [1]
  .text              ro code   0x800'2f4c    0x44  stm32l1xx_hal.o [1]
  .text              ro code   0x800'2f90    0x1e  stm32l1xx_hal.o [1]
  .text              ro code   0x800'2fb0    0xa2  gpio.o [1]
  .text              ro code   0x800'3054   0x410  user_app_test_slave_hs300x.o [1]
  .text              ro code   0x800'3464    0x28  stm32l1xx_hal.o [1]
  .text              ro code   0x800'348c    0x12  ABImemset_small.o [4]
  .text              ro code   0x800'34a0    0x44  stm32l1xx_hal_msp.o [1]
  .text              ro code   0x800'34e4    0x24  event_driven.o [1]
  .text              ro code   0x800'3508    0x6c  user_modbus_rtu.o [1]
  .text              ro code   0x800'3574    0x44  user_util.o [1]
  .text              ro code   0x800'35b8    0x40  sprintf.o [2]
  .text              ro code   0x800'35f8    0x38  packbits_init_single.o [4]
  .rodata            const     0x800'3630    0x34  user_app_test_slave_hs300x.o [1]
  .text              ro code   0x800'3664    0x28  stm32l1xx_it.o [1]
  .text              ro code   0x800'368c    0x10  stm32l1xx_hal.o [1]
  .text              ro code   0x800'369c    0x28  data_init.o [4]
  .iar.init_table    const     0x800'36c4    0x20  - Linker created -
  .text              ro code   0x800'36e4    0x20  system_stm32l1xx.o [1]
  .text              ro code   0x800'3704    0x1e  cmain.o [4]
  .text              ro code   0x800'3722     0x4  low_level_init.o [2]
  .text              ro code   0x800'3726     0x4  exit.o [2]
  .text              ro code   0x800'372c     0xa  cexit.o [4]
  .text              ro code   0x800'3738    0x10  startup_stm32l151xc.o [1]
  .text              ro code   0x800'3748     0xc  cstartup_M.o [4]
  .rodata            const     0x800'3754     0x8  system_stm32l1xx.o [1]
  .rodata            const     0x800'375c     0x8  xprintffull_nomb.o [2]
  .text              ro code   0x800'3764     0x4  startup_stm32l151xc.o [1]
  .text              ro code   0x800'3768     0x4  startup_stm32l151xc.o [1]
  .text              ro code   0x800'376c     0x4  startup_stm32l151xc.o [1]
  .text              ro code   0x800'3770     0x4  startup_stm32l151xc.o [1]
  .text              ro code   0x800'3774     0x4  startup_stm32l151xc.o [1]
  .text              ro code   0x800'3778     0x4  startup_stm32l151xc.o [1]
  .text              ro code   0x800'377c     0x4  startup_stm32l151xc.o [1]
  .text              ro code   0x800'3780     0x4  startup_stm32l151xc.o [1]
  .text              ro code   0x800'3784     0x4  startup_stm32l151xc.o [1]
  .text              ro code   0x800'3788     0x4  startup_stm32l151xc.o [1]
  .text              ro code   0x800'378c     0x4  startup_stm32l151xc.o [1]
  .text              ro code   0x800'3790     0x4  startup_stm32l151xc.o [1]
  .text              ro code   0x800'3794     0x4  startup_stm32l151xc.o [1]
  .text              ro code   0x800'3798     0x4  startup_stm32l151xc.o [1]
  .text              ro code   0x800'379c     0x4  startup_stm32l151xc.o [1]
  .text              ro code   0x800'37a0     0x4  startup_stm32l151xc.o [1]
  .text              ro code   0x800'37a4     0x4  startup_stm32l151xc.o [1]
  .text              ro code   0x800'37a8     0x4  startup_stm32l151xc.o [1]
  .text              ro code   0x800'37ac     0x4  startup_stm32l151xc.o [1]
  .text              ro code   0x800'37b0     0x4  startup_stm32l151xc.o [1]
  .text              ro code   0x800'37b4     0x4  startup_stm32l151xc.o [1]
  .text              ro code   0x800'37b8     0x4  startup_stm32l151xc.o [1]
  .text              ro code   0x800'37bc     0x4  startup_stm32l151xc.o [1]
  .text              ro code   0x800'37c0     0x4  startup_stm32l151xc.o [1]
  .text              ro code   0x800'37c4     0x4  startup_stm32l151xc.o [1]
  .text              ro code   0x800'37c8     0x4  startup_stm32l151xc.o [1]
  .text              ro code   0x800'37cc     0x4  startup_stm32l151xc.o [1]
  .text              ro code   0x800'37d0     0x4  startup_stm32l151xc.o [1]
  .text              ro code   0x800'37d4     0x4  startup_stm32l151xc.o [1]
  .text              ro code   0x800'37d8     0x4  startup_stm32l151xc.o [1]
  .text              ro code   0x800'37dc     0x4  startup_stm32l151xc.o [1]
  .text              ro code   0x800'37e0     0x4  startup_stm32l151xc.o [1]
  .text              ro code   0x800'37e4     0x4  startup_stm32l151xc.o [1]
  .text              ro code   0x800'37e8     0x4  startup_stm32l151xc.o [1]
  .text              ro code   0x800'37ec     0x4  startup_stm32l151xc.o [1]
  .text              ro code   0x800'37f0     0x4  startup_stm32l151xc.o [1]
  .text              ro code   0x800'37f4     0x4  startup_stm32l151xc.o [1]
  .text              ro code   0x800'37f8     0x4  startup_stm32l151xc.o [1]
  .text              ro code   0x800'37fc     0x4  startup_stm32l151xc.o [1]
  .text              ro code   0x800'3800     0x4  startup_stm32l151xc.o [1]
  .text              ro code   0x800'3804     0x4  startup_stm32l151xc.o [1]
  .text              ro code   0x800'3808     0x4  startup_stm32l151xc.o [1]
  .text              ro code   0x800'380c     0x4  startup_stm32l151xc.o [1]
  .text              ro code   0x800'3810     0x4  startup_stm32l151xc.o [1]
  .text              ro code   0x800'3814     0x4  startup_stm32l151xc.o [1]
  .text              ro code   0x800'3818     0x4  startup_stm32l151xc.o [1]
  .text              ro code   0x800'381c     0x4  startup_stm32l151xc.o [1]
  .text              ro code   0x800'3820     0x4  startup_stm32l151xc.o [1]
  .text              ro code   0x800'3824     0x4  startup_stm32l151xc.o [1]
  .text              ro code   0x800'3828     0x4  startup_stm32l151xc.o [1]
  .rodata            const     0x800'382c     0x0  zero_init3.o [4]
  .rodata            const     0x800'382c     0x0  packbits_init_single.o [4]
  Initializer bytes  const     0x800'382c    0x7b  <for P2-1>
                             - 0x800'38a7  0x3783

"P2", part 1 of 3:                          0x130
  P2-1                        0x2000'0000   0x130  <Init block>
    .data            inited   0x2000'0000     0xc  stm32l1xx_hal.o [1]
    .data            inited   0x2000'000c     0x4  system_stm32l1xx.o [1]
    .data            inited   0x2000'0010    0x40  user_app_test_slave_hs300x.o [1]
    .data            inited   0x2000'0050    0x98  user_app_test_slave_hs300x.o [1]
    .data            inited   0x2000'00e8     0xd  user_uart.o [1]
    .data            inited   0x2000'00f8    0x38  xlocale_c.o [2]
                            - 0x2000'0130   0x130

"P2", part 2 of 3:                          0x10c
  .bss               zero     0x2000'0130    0x64  user_app_test_slave_hs300x.o [1]
  .bss               zero     0x2000'0194    0x48  usart.o [1]
  .bss               zero     0x2000'01dc    0x48  usart.o [1]
  .bss               zero     0x2000'0224    0x14  user_uart.o [1]
  .bss               zero     0x2000'0238     0x4  xfail_s.o [2]
                            - 0x2000'023c   0x10c

"P2", part 3 of 3:                          0x400
  CSTACK                      0x2000'0240   0x400  <Block>
    CSTACK           uninit   0x2000'0240   0x400  <Block tail>
                            - 0x2000'0640   0x400

Unused ranges:

         From           To      Size
         ----           --      ----
   0x800'38a7   0x803'ffff  0x3'c759
  0x2000'023c  0x2000'023f       0x4
  0x2000'0640  0x2000'7fff    0x79c0


*******************************************************************************
*** INIT TABLE
***

          Address      Size
          -------      ----
Zero (__iar_zero_init3)
    1 destination range, total size 0x10c:
          0x2000'0130  0x10c

Copy/packbits (__iar_packbits_init_single3)
    1 source range, total size 0x7b (40% of destination):
           0x800'382c   0x7b
    1 destination range, total size 0x130:
          0x2000'0000  0x130



*******************************************************************************
*** MODULE SUMMARY
***

    Module                        ro code  ro data  rw data
    ------                        -------  -------  -------
command line/config:
    -------------------------------------------------------
    Total:

D:\Saoviet_Git\Saoviet_Code_Test_Slave_Hs300x_Container\Code_Test_Slave_HS300x\EWARM\Code_Test_Slave_HS300x\Obj: [1]
    event_driven.o                     36
    gpio.o                            162
    main.o                            164
    startup_stm32l151xc.o             508
    stm32l1xx_hal.o                   166        4       12
    stm32l1xx_hal_cortex.o            196
    stm32l1xx_hal_dma.o               158
    stm32l1xx_hal_gpio.o              456
    stm32l1xx_hal_msp.o                68
    stm32l1xx_hal_rcc.o             1'604
    stm32l1xx_hal_uart.o            1'750
    stm32l1xx_it.o                     40
    system_stm32l1xx.o                 32       10        4
    usart.o                           288               144
    user_app_test_slave_hs300x.o    1'040      139      316
    user_modbus_rtu.o                 108
    user_uart.o                       116        6       33
    user_util.o                        68
    -------------------------------------------------------
    Total:                          6'960      159      509

dl7M_tlf.a: [2]
    abort.o                             6
    exit.o                              4
    low_level_init.o                    4
    sprintf.o                          64
    xfail_s.o                          64                 4
    xlocale_c.o                         8       27       56
    xprintffull_nomb.o              4'038        8
    xsprout.o                          10
    -------------------------------------------------------
    Total:                          4'198       35       60

m7M_tl.a: [3]
    DblAdd.o                          362
    DblCmpGe.o                         46
    DblCmpLe.o                         46
    DblDiv.o                          582
    DblMul.o                          418
    DblSub.o                          226
    DblToS32.o                         58
    DblToU32.o                         40
    S32ToDbl.o                         34
    U32ToDbl.o                         26
    frexp.o                           112
    ldexp.o                           314
    -------------------------------------------------------
    Total:                          2'264

rt7M_tl.a: [4]
    ABImemcpy.o                       166
    ABImemset_small.o                  18
    I64DivMod_small.o                 262
    I64DivZer.o                         2
    cexit.o                            10
    cmain.o                            30
    cstartup_M.o                       12
    data_init.o                        40
    memchr.o                           88
    memset.o                           20
    packbits_init_single.o             56
    strchr.o                           22
    strlen_small.o                     20
    zero_init3.o                       58
    -------------------------------------------------------
    Total:                            804

shb_l.a: [5]
    exit.o                             20
    -------------------------------------------------------
    Total:                             20

    Gaps                               31                 3
    Linker created                              32    1'024
-----------------------------------------------------------
    Grand Total:                   14'277      226    1'596


*******************************************************************************
*** ENTRY LIST
***

Entry                       Address   Size  Type      Object
-----                       -------   ----  ----      ------
.iar.init_table$$Base    0x800'36c4          --   Gb  - Linker created -
.iar.init_table$$Limit   0x800'36e4          --   Gb  - Linker created -
?main                    0x800'3705         Code  Gb  cmain.o [4]
AHBPrescTable            0x800'36f4   0x10  Data  Gb  system_stm32l1xx.o [1]
APBPrescTable            0x800'3754    0x8  Data  Gb  system_stm32l1xx.o [1]
AppTestSlaveHs300x_Task
                         0x800'33c9   0x40  Code  Gb  user_app_test_slave_hs300x.o [1]
BusFault_Handler         0x800'366b    0x2  Code  Gb  stm32l1xx_it.o [1]
CSTACK$$Base            0x2000'0240          --   Gb  - Linker created -
CSTACK$$Limit           0x2000'0640          --   Gb  - Linker created -
Convert_Hex_To_String_Hex
                         0x800'3575   0x44  Code  Gb  user_util.o [1]
DebugMon_Handler         0x800'3671    0x2  Code  Gb  stm32l1xx_it.o [1]
Delete_Buffer            0x800'33ab   0x1e  Code  Gb  user_app_test_slave_hs300x.o [1]
Error_Handler            0x800'2ca9    0x4  Code  Gb  main.o [1]
H                       0x2000'0088   0x28  Data  Gb  user_app_test_slave_hs300x.o [1]
HAL_DMA_Abort            0x800'24ad   0x44  Code  Gb  stm32l1xx_hal_dma.o [1]
HAL_DMA_Abort_IT         0x800'24f1   0x44  Code  Gb  stm32l1xx_hal_dma.o [1]
HAL_Delay                0x800'3465   0x28  Code  Wk  stm32l1xx_hal.o [1]
HAL_GPIO_Init            0x800'2d85  0x19e  Code  Gb  stm32l1xx_hal_gpio.o [1]
HAL_GPIO_WritePin        0x800'2f23    0x8  Code  Gb  stm32l1xx_hal_gpio.o [1]
HAL_GetTick              0x800'24a1    0xc  Code  Wk  stm32l1xx_hal.o [1]
HAL_IncTick              0x800'368d   0x10  Code  Wk  stm32l1xx_hal.o [1]
HAL_Init                 0x800'2f91   0x1e  Code  Gb  stm32l1xx_hal.o [1]
HAL_InitTick             0x800'2f4d   0x44  Code  Wk  stm32l1xx_hal.o [1]
HAL_MspInit              0x800'34a1   0x44  Code  Gb  stm32l1xx_hal_msp.o [1]
HAL_NVIC_EnableIRQ       0x800'2d2f   0x16  Code  Gb  stm32l1xx_hal_cortex.o [1]
HAL_NVIC_SetPriority     0x800'2cf5   0x3a  Code  Gb  stm32l1xx_hal_cortex.o [1]
HAL_NVIC_SetPriorityGrouping
                         0x800'2cdb   0x1a  Code  Gb  stm32l1xx_hal_cortex.o [1]
HAL_RCC_ClockConfig      0x800'297f  0x138  Code  Gb  stm32l1xx_hal_rcc.o [1]
HAL_RCC_GetPCLK1Freq     0x800'2b37   0x10  Code  Gb  stm32l1xx_hal_rcc.o [1]
HAL_RCC_GetPCLK2Freq     0x800'2b47    0xe  Code  Gb  stm32l1xx_hal_rcc.o [1]
HAL_RCC_GetSysClockFreq
                         0x800'2ad9   0x5e  Code  Gb  stm32l1xx_hal_rcc.o [1]
HAL_RCC_OscConfig        0x800'25c5  0x3a0  Code  Gb  stm32l1xx_hal_rcc.o [1]
HAL_SYSTICK_Config       0x800'2d45   0x28  Code  Gb  stm32l1xx_hal_cortex.o [1]
HAL_UART_IRQHandler      0x800'1e19  0x276  Code  Gb  stm32l1xx_hal_uart.o [1]
HAL_UART_Init            0x800'1cb1   0x1e  Code  Gb  stm32l1xx_hal_uart.o [1]
HAL_UART_MspInit         0x800'23cb   0xa2  Code  Gb  usart.o [1]
HAL_UART_Receive_IT      0x800'1dcd   0x26  Code  Gb  stm32l1xx_hal_uart.o [1]
HAL_UART_RxCpltCallback
                         0x800'256f   0x48  Code  Gb  user_uart.o [1]
HAL_UART_Transmit        0x800'1d2b   0x9a  Code  Gb  stm32l1xx_hal_uart.o [1]
HardFault_Handler        0x800'3667    0x2  Code  Gb  stm32l1xx_it.o [1]
Init_AppTest             0x800'31af    0xc  Code  Gb  user_app_test_slave_hs300x.o [1]
Init_Uart_Module         0x800'2551   0x18  Code  Gb  user_uart.o [1]
MX_GPIO_Init             0x800'2fb1   0x82  Code  Gb  gpio.o [1]
MX_USART1_UART_Init      0x800'2381   0x16  Code  Gb  usart.o [1]
MX_USART3_UART_Init      0x800'2397   0x16  Code  Gb  usart.o [1]
MemManage_Handler        0x800'3669    0x2  Code  Gb  stm32l1xx_it.o [1]
ModRTU_CRC               0x800'3509   0x30  Code  Gb  user_modbus_rtu.o [1]
ModRTU_Master_Read_Frame
                         0x800'3539    0x4  Code  Gb  user_modbus_rtu.o [1]
NMI_Handler              0x800'3665    0x2  Code  Gb  stm32l1xx_it.o [1]
PLLMulTable              0x800'36e8    0xc  Data  Gb  system_stm32l1xx.o [1]
PendSV_Handler           0x800'3673    0x2  Code  Gb  stm32l1xx_it.o [1]
RCC_SetFlashLatencyFromMSIRange
                         0x800'2b5b   0x72  Code  Lc  stm32l1xx_hal_rcc.o [1]
Region$$Table$$Base      0x800'36c4          --   Gb  - Linker created -
Region$$Table$$Limit     0x800'36e4          --   Gb  - Linker created -
SVC_Handler              0x800'366f    0x2  Code  Gb  stm32l1xx_it.o [1]
SysTick_Handler          0x800'3675    0x4  Code  Gb  stm32l1xx_it.o [1]
SystemClock_Config       0x800'2c35   0x6e  Code  Gb  main.o [1]
SystemCoreClock         0x2000'000c    0x4  Data  Gb  system_stm32l1xx.o [1]
SystemInit               0x800'36e5    0x2  Code  Gb  system_stm32l1xx.o [1]
T                       0x2000'0060   0x28  Data  Gb  user_app_test_slave_hs300x.o [1]
Tem_Humi                0x2000'00b4   0x34  Data  Gb  user_app_test_slave_hs300x.o [1]
UART_DMAAbortOnError     0x800'21f5    0xc  Code  Lc  stm32l1xx_hal_uart.o [1]
UART_EndRxTransfer       0x800'21b3   0x34  Code  Lc  stm32l1xx_hal_uart.o [1]
UART_Receive_IT          0x800'2201   0xae  Code  Lc  stm32l1xx_hal_uart.o [1]
UART_SetConfig           0x800'22cb   0x9a  Code  Lc  stm32l1xx_hal_uart.o [1]
UART_Start_Receive_IT    0x800'216d   0x30  Code  Gb  stm32l1xx_hal_uart.o [1]
UART_WaitOnFlagUntilTimeout
                         0x800'20d9   0x5c  Code  Lc  stm32l1xx_hal_uart.o [1]
USART1_IRQHandler        0x800'3679    0x6  Code  Gb  stm32l1xx_it.o [1]
USART3_IRQHandler        0x800'367f    0x6  Code  Gb  stm32l1xx_it.o [1]
Uart485Buff             0x2000'0224   0x14  Data  Gb  user_uart.o [1]
Uart485RxByte           0x2000'00e8    0x1  Data  Gb  user_uart.o [1]
UartDebugRxByte         0x2000'00f4    0x1  Data  Gb  user_uart.o [1]
UsageFault_Handler       0x800'366d    0x2  Code  Gb  stm32l1xx_it.o [1]
_LitobFullNoMb           0x800'0ee5  0x10a  Code  Lc  xprintffull_nomb.o [2]
_Locale_lconv           0x2000'00f8   0x38  Data  Lc  xlocale_c.o [2]
_PrintfFullNoMb          0x800'0125  0xd9c  Code  Gb  xprintffull_nomb.o [2]
_PutcharFullNoMb         0x800'1055   0x20  Code  Lc  xprintffull_nomb.o [2]
_PutcharsFullNoMb        0x800'1075   0x2e  Code  Lc  xprintffull_nomb.o [2]
_SProut                  0x800'113b    0xa  Code  Gb  xsprout.o [2]
__NVIC_SetPriority       0x800'2cc1   0x1a  Code  Lc  stm32l1xx_hal_cortex.o [1]
__aeabi_cdcmple          0x800'1309         Code  Gb  DblCmpLe.o [3]
__aeabi_cdrcmple         0x800'1339         Code  Gb  DblCmpGe.o [3]
__aeabi_d2iz             0x800'14a5         Code  Gb  DblToS32.o [3]
__aeabi_d2uiz            0x800'1831         Code  Gb  DblToU32.o [3]
__aeabi_ddiv             0x800'15e9         Code  Gb  DblDiv.o [3]
__aeabi_dmul             0x800'1875         Code  Gb  DblMul.o [3]
__aeabi_dsub             0x800'1505         Code  Gb  DblSub.o [3]
__aeabi_i2d              0x800'14e1         Code  Gb  S32ToDbl.o [3]
__aeabi_ldiv0            0x800'1c99         Code  Gb  I64DivZer.o [4]
__aeabi_memcpy           0x800'11f1         Code  Gb  ABImemcpy.o [4]
__aeabi_memcpy4          0x800'1211         Code  Gb  ABImemcpy.o [4]
__aeabi_memcpy8          0x800'1211         Code  Gb  ABImemcpy.o [4]
__aeabi_ui2d             0x800'1859         Code  Gb  U32ToDbl.o [3]
__cmain                  0x800'3705         Code  Gb  cmain.o [4]
__exit                   0x800'1c9d   0x14  Code  Gb  exit.o [5]
__iar_Fail_s             0x800'1145   0x1c  Code  Gb  xfail_s.o [2]
__iar_Memchr             0x800'1199         Code  Gb  memchr.o [4]
__iar_Strchr             0x800'1125         Code  Gb  strchr.o [4]
__iar_dadd               0x800'1515         Code  Gb  DblSub.o [3]
__iar_data_init3         0x800'369d   0x28  Code  Gb  data_init.o [4]
__iar_dsub               0x800'1b2d         Code  Gb  DblAdd.o [3]
__iar_dsubStart          0x800'1b3f         Code  Gb  DblAdd.o [3]
__iar_frexp              0x800'12a5         Code  Gb  frexp.o [3]
__iar_frexp64            0x800'1299         Code  Gb  frexp.o [3]
__iar_frexpl             0x800'12a5         Code  Gb  frexp.o [3]
__iar_ldexp64            0x800'1369         Code  Gb  ldexp.o [3]
__iar_packbits_init_single3
                         0x800'35f9   0x38  Code  Gb  packbits_init_single.o [4]
__iar_program_start      0x800'3749         Code  Gb  cstartup_M.o [4]
__iar_scalbln64          0x800'1369         Code  Gb  ldexp.o [3]
__iar_scalbn64           0x800'1369         Code  Gb  ldexp.o [3]
__iar_small_Memset       0x800'348d         Code  Gb  ABImemset_small.o [4]
__iar_small_Memset_word
                         0x800'348d         Code  Gb  ABImemset_small.o [4]
__iar_small_memset       0x800'348d         Code  Gb  ABImemset_small.o [4]
__iar_small_strlen       0x800'1185         Code  Gb  strlen_small.o [4]
__iar_small_uldivmod     0x800'1a21         Code  Gb  I64DivMod_small.o [4]
__iar_zero_init3         0x800'10eb   0x3a  Code  Gb  zero_init3.o [4]
__low_level_init         0x800'3723    0x4  Code  Gb  low_level_init.o [2]
__vector_table           0x800'0000         Data  Gb  startup_stm32l151xc.o [1]
_call_main               0x800'3711         Code  Gb  cmain.o [4]
_exit                    0x800'372d         Code  Gb  cexit.o [4]
_main                    0x800'371f         Code  Gb  cmain.o [4]
aError                  0x2000'0130   0x64  Data  Gb  user_app_test_slave_hs300x.o [1]
abort                    0x800'1b27    0x6  Code  Gb  abort.o [2]
address_slave_get       0x2000'0050    0x1  Data  Gb  user_app_test_slave_hs300x.o [1]
display_uart             0x800'31bd  0x1b6  Code  Gb  user_app_test_slave_hs300x.o [1]
display_uart::count     0x2000'00b0    0x4  Data  Lc  user_app_test_slave_hs300x.o [1]
exit                     0x800'3727    0x4  Code  Gb  exit.o [2]
fevent_active            0x800'34e5   0x10  Code  Gb  event_driven.o [1]
fevent_enable            0x800'34f5   0x14  Code  Gb  event_driven.o [1]
fevent_test_slave_display
                         0x800'3075   0x20  Code  Lc  user_app_test_slave_hs300x.o [1]
fevent_test_slave_entry
                         0x800'3055   0x20  Code  Lc  user_app_test_slave_hs300x.o [1]
fevent_test_slave_handle_receive
                         0x800'3115   0x9a  Code  Lc  user_app_test_slave_hs300x.o [1]
fevent_test_slave_transmit
                         0x800'3095   0x76  Code  Lc  user_app_test_slave_hs300x.o [1]
frexp                    0x800'1299         Code  Gb  frexp.o [3]
frexpl                   0x800'1299         Code  Gb  frexp.o [3]
huart1                  0x2000'0194   0x48  Data  Gb  usart.o [1]
huart3                  0x2000'01dc   0x48  Data  Gb  usart.o [1]
humiRx                  0x2000'005e    0x2  Data  Gb  user_app_test_slave_hs300x.o [1]
ldexp                    0x800'1369         Code  Gb  ldexp.o [3]
ldexpl                   0x800'1369         Code  Gb  ldexp.o [3]
localeconv               0x800'1a19    0x4  Code  Gb  xlocale_c.o [2]
main                     0x800'2c09   0x2c  Code  Gb  main.o [1]
memchr                   0x800'1199         Code  Gb  memchr.o [4]
memset                   0x800'2cad   0x14  Code  Gb  memset.o [4]
sError                  0x2000'0054    0x8  Data  Gb  user_app_test_slave_hs300x.o [1]
sEventAppTestSlave      0x2000'0010   0x40  Data  Gb  user_app_test_slave_hs300x.o [1]
sUart485                0x2000'00ec    0x8  Data  Gb  user_uart.o [1]
scalbln                  0x800'1369         Code  Gb  ldexp.o [3]
scalblnl                 0x800'1369         Code  Gb  ldexp.o [3]
scalbn                   0x800'1369         Code  Gb  ldexp.o [3]
scalbnl                  0x800'1369         Code  Gb  ldexp.o [3]
scale                    0x800'0fef   0x46  Code  Lc  xprintffull_nomb.o [2]
sec_hand                0x2000'0238    0x4  Data  Lc  xfail_s.o [2]
sprintf                  0x800'35b9   0x40  Code  Gb  sprintf.o [2]
strchr                   0x800'1125         Code  Gb  strchr.o [4]
temRx                   0x2000'005c    0x2  Data  Gb  user_app_test_slave_hs300x.o [1]
uwTick                  0x2000'0000    0x4  Data  Gb  stm32l1xx_hal.o [1]
uwTickFreq              0x2000'0008    0x4  Data  Gb  stm32l1xx_hal.o [1]
uwTickPrio              0x2000'0004    0x4  Data  Gb  stm32l1xx_hal.o [1]


[1] = D:\Saoviet_Git\Saoviet_Code_Test_Slave_Hs300x_Container\Code_Test_Slave_HS300x\EWARM\Code_Test_Slave_HS300x\Obj
[2] = dl7M_tlf.a
[3] = m7M_tl.a
[4] = rt7M_tl.a
[5] = shb_l.a

  14'277 bytes of readonly  code memory
     226 bytes of readonly  data memory
   1'596 bytes of readwrite data memory

Errors: none
Warnings: none
